Archive member included to satisfy reference by file (symbol)

../cdecv_monitor_bsp/\libhal_bsp.a(alt_getchar.o)
                              obj/default/src/peripheral_driver/uart.o (alt_getchar)
../cdecv_monitor_bsp/\libhal_bsp.a(alt_main.o)
                              ../cdecv_monitor_bsp//obj/HAL/src/crt0.o (alt_main)
../cdecv_monitor_bsp/\libhal_bsp.a(alt_putstr.o)
                              obj/default/src/peripheral_driver/uart.o (alt_putstr)
../cdecv_monitor_bsp/\libhal_bsp.a(alt_sys_init.o)
                              ../cdecv_monitor_bsp/\libhal_bsp.a(alt_main.o) (alt_irq_init)
../cdecv_monitor_bsp/\libhal_bsp.a(altera_avalon_uart_read.o)
                              ../cdecv_monitor_bsp/\libhal_bsp.a(alt_getchar.o) (altera_avalon_uart_read)
../cdecv_monitor_bsp/\libhal_bsp.a(altera_avalon_uart_write.o)
                              ../cdecv_monitor_bsp/\libhal_bsp.a(alt_putstr.o) (altera_avalon_uart_write)
../cdecv_monitor_bsp/\libhal_bsp.a(alt_dev.o)
                              ../cdecv_monitor_bsp/\libhal_bsp.a(alt_getchar.o) (alt_fd_list)
../cdecv_monitor_bsp/\libhal_bsp.a(alt_errno.o)
                              ../cdecv_monitor_bsp/\libhal_bsp.a(altera_avalon_uart_read.o) (alt_errno)
../cdecv_monitor_bsp/\libhal_bsp.a(altera_nios2_gen2_irq.o)
                              ../cdecv_monitor_bsp/\libhal_bsp.a(alt_sys_init.o) (altera_nios2_gen2_irq_init)
d:/altera_lite/15.1/nios2eds/bin/gnu/h-x86_64-mingw32/bin/../lib/gcc/nios2-elf/4.9.2/../../../../../H-x86_64-mingw32/nios2-elf/lib/mno-hw-mul\libsmallc.a(lib_a-int_errno.o)
                              ../cdecv_monitor_bsp/\libhal_bsp.a(altera_avalon_uart_read.o) (errno)
d:/altera_lite/15.1/nios2eds/bin/gnu/h-x86_64-mingw32/bin/../lib/gcc/nios2-elf/4.9.2/../../../../../H-x86_64-mingw32/nios2-elf/lib/mno-hw-mul\libsmallc.a(lib_a-strlen.o)
                              ../cdecv_monitor_bsp/\libhal_bsp.a(alt_putstr.o) (strlen)

Allocating common symbols
Common symbol       size              file

errno               0x4               d:/altera_lite/15.1/nios2eds/bin/gnu/h-x86_64-mingw32/bin/../lib/gcc/nios2-elf/4.9.2/../../../../../H-x86_64-mingw32/nios2-elf/lib/mno-hw-mul\libsmallc.a(lib_a-int_errno.o)

Memory Configuration

Name             Origin             Length             Attributes
reset            0x0000000000008000 0x0000000000000020
onchip_memory    0x0000000000008020 0x0000000000001fe0
*default*        0x0000000000000000 0xffffffffffffffff

Linker script and memory map

LOAD ../cdecv_monitor_bsp//obj/HAL/src/crt0.o
LOAD obj/default/src/debug_data.o
LOAD obj/default/src/hello_world_small.o
LOAD obj/default/src/memory_data.o
LOAD obj/default/src/peripheral_driver/clock.o
LOAD obj/default/src/peripheral_driver/dbg.o
LOAD obj/default/src/peripheral_driver/memory.o
LOAD obj/default/src/peripheral_driver/reset.o
LOAD obj/default/src/peripheral_driver/uart.o
LOAD obj/default/src/utility/hexchar_int.o
LOAD obj/default/src/utility/hexformat.o
LOAD obj/default/src/utility/monitor_command.o
LOAD d:/altera_lite/15.1/nios2eds/bin/gnu/h-x86_64-mingw32/bin/../lib/gcc/nios2-elf/4.9.2/../../../../../H-x86_64-mingw32/nios2-elf/lib/mno-hw-mul\libstdc++.a
LOAD d:/altera_lite/15.1/nios2eds/bin/gnu/h-x86_64-mingw32/bin/../lib/gcc/nios2-elf/4.9.2/../../../../../H-x86_64-mingw32/nios2-elf/lib/mno-hw-mul\libm.a
LOAD d:/altera_lite/15.1/nios2eds/bin/gnu/h-x86_64-mingw32/bin/../lib/gcc/nios2-elf/4.9.2/mno-hw-mul\libgcc.a
START GROUP
LOAD d:/altera_lite/15.1/nios2eds/bin/gnu/h-x86_64-mingw32/bin/../lib/gcc/nios2-elf/4.9.2/../../../../../H-x86_64-mingw32/nios2-elf/lib/mno-hw-mul\libsmallc.a
LOAD d:/altera_lite/15.1/nios2eds/bin/gnu/h-x86_64-mingw32/bin/../lib/gcc/nios2-elf/4.9.2/mno-hw-mul\libgcc.a
LOAD ../cdecv_monitor_bsp/\libhal_bsp.a
LOAD d:/altera_lite/15.1/nios2eds/bin/gnu/h-x86_64-mingw32/bin/../lib/gcc/nios2-elf/4.9.2/../../../../../H-x86_64-mingw32/nios2-elf/lib/mno-hw-mul\libm.a
END GROUP
LOAD d:/altera_lite/15.1/nios2eds/bin/gnu/h-x86_64-mingw32/bin/../lib/gcc/nios2-elf/4.9.2/mno-hw-mul\libgcc.a
                0x0000000000008000                __alt_mem_onchip_memory = 0x8000

.entry          0x0000000000008000       0x20
 *(.entry)
 .entry         0x0000000000008000       0x20 ../cdecv_monitor_bsp//obj/HAL/src/crt0.o
                0x0000000000008000                __reset
                0x000000000000800c                _exit

.exceptions     0x0000000000008020        0x0
                0x0000000000008020                PROVIDE (__ram_exceptions_start, ABSOLUTE (.))
                0x0000000000008020                . = ALIGN (0x20)
 *(.irq)
 *(.exceptions.entry.label)
 *(.exceptions.entry.user)
 *(.exceptions.entry.ecc_fatal)
 *(.exceptions.entry)
 *(.exceptions.irqtest.user)
 *(.exceptions.irqtest)
 *(.exceptions.irqhandler.user)
 *(.exceptions.irqhandler)
 *(.exceptions.irqreturn.user)
 *(.exceptions.irqreturn)
 *(.exceptions.notirq.label)
 *(.exceptions.notirq.user)
 *(.exceptions.notirq)
 *(.exceptions.soft.user)
 *(.exceptions.soft)
 *(.exceptions.unknown.user)
 *(.exceptions.unknown)
 *(.exceptions.exit.label)
 *(.exceptions.exit.user)
 *(.exceptions.exit)
 *(.exceptions)
                0x0000000000008020                PROVIDE (__ram_exceptions_end, ABSOLUTE (.))
                0x0000000000008020                PROVIDE (__flash_exceptions_start, LOADADDR (.exceptions))

.text           0x0000000000008020     0x12cc
                0x0000000000008020                PROVIDE (stext, ABSOLUTE (.))
 *(.interp)
 *(.hash)
 *(.dynsym)
 *(.dynstr)
 *(.gnu.version)
 *(.gnu.version_d)
 *(.gnu.version_r)
 *(.rel.init)
 *(.rela.init)
 *(.rel.text .rel.text.* .rel.gnu.linkonce.t.*)
 *(.rela.text .rela.text.* .rela.gnu.linkonce.t.*)
 *(.rel.fini)
 *(.rela.fini)
 *(.rel.rodata .rel.rodata.* .rel.gnu.linkonce.r.*)
 *(.rela.rodata .rela.rodata.* .rela.gnu.linkonce.r.*)
 *(.rel.data .rel.data.* .rel.gnu.linkonce.d.*)
 *(.rela.data .rela.data.* .rela.gnu.linkonce.d.*)
 *(.rel.tdata .rel.tdata.* .rel.gnu.linkonce.td.*)
 *(.rela.tdata .rela.tdata.* .rela.gnu.linkonce.td.*)
 *(.rel.tbss .rel.tbss.* .rel.gnu.linkonce.tb.*)
 *(.rela.tbss .rela.tbss.* .rela.gnu.linkonce.tb.*)
 *(.rel.ctors)
 *(.rela.ctors)
 *(.rel.dtors)
 *(.rela.dtors)
 *(.rel.got)
 *(.rela.got)
 *(.rel.sdata .rel.sdata.* .rel.gnu.linkonce.s.*)
 *(.rela.sdata .rela.sdata.* .rela.gnu.linkonce.s.*)
 *(.rel.sbss .rel.sbss.* .rel.gnu.linkonce.sb.*)
 *(.rela.sbss .rela.sbss.* .rela.gnu.linkonce.sb.*)
 *(.rel.sdata2 .rel.sdata2.* .rel.gnu.linkonce.s2.*)
 *(.rela.sdata2 .rela.sdata2.* .rela.gnu.linkonce.s2.*)
 *(.rel.sbss2 .rel.sbss2.* .rel.gnu.linkonce.sb2.*)
 *(.rela.sbss2 .rela.sbss2.* .rela.gnu.linkonce.sb2.*)
 *(.rel.bss .rel.bss.* .rel.gnu.linkonce.b.*)
 *(.rela.bss .rela.bss.* .rela.gnu.linkonce.b.*)
 *(.rel.plt)
 *(.rela.plt)
 *(.rel.dyn)
 *(.init)
 *(.plt)
 *(.text .stub .text.* .gnu.linkonce.t.*)
 .text          0x0000000000008020       0x38 ../cdecv_monitor_bsp//obj/HAL/src/crt0.o
                0x0000000000008020                _start
 .text          0x0000000000008058       0x68 obj/default/src/debug_data.o
                0x0000000000008058                debugdata16_to_hexformat
                0x0000000000008090                debugdata8_to_hexformat
 .text          0x00000000000080c0      0x3f4 obj/default/src/hello_world_small.o
                0x00000000000080c0                do_AR
                0x00000000000080dc                do_NR
                0x00000000000080f8                do_AC
                0x0000000000008114                do_NC
                0x0000000000008130                do_RM
                0x0000000000008168                do_WM
                0x0000000000008194                do_PC
                0x00000000000081c0                do_RA
                0x00000000000081ec                do_RB
                0x0000000000008218                do_RC
                0x0000000000008244                do_RT
                0x0000000000008270                do_RR
                0x000000000000829c                do_FL
                0x00000000000082c8                do_XB
                0x00000000000082f4                do_MA
                0x0000000000008320                do_WD
                0x000000000000834c                do_RD
                0x0000000000008378                do_RI
                0x00000000000083a4                do_XS
                0x00000000000083d0                do_XD
                0x00000000000083fc                do_OP
                0x0000000000008428                do_CC
                0x0000000000008454                do_WE
                0x0000000000008480                do_CL
                0x00000000000084ac                do_default
 .text.startup  0x00000000000084b4      0x17c obj/default/src/hello_world_small.o
                0x00000000000084b4                main
 .text          0x0000000000008630      0x3c4 obj/default/src/memory_data.o
                0x0000000000008630                write_memory
                0x000000000000869c                read_memory
                0x0000000000008708                checksum_of_memorydata
                0x0000000000008754                hexformat_to_memorydata
                0x00000000000087dc                shorthexformat_to_memorydata
                0x0000000000008844                memorydata_to_hexformat
 .text          0x00000000000089f4       0x1c obj/default/src/peripheral_driver/clock.o
                0x00000000000089f4                assert_clock
                0x0000000000008a04                negate_clock
 .text          0x0000000000008a10      0x1b4 obj/default/src/peripheral_driver/dbg.o
                0x0000000000008a10                dbg
                0x0000000000008a30                dbg_PC
                0x0000000000008a44                dbg_A
                0x0000000000008a5c                dbg_B
                0x0000000000008a74                dbg_C
                0x0000000000008a8c                dbg_T
                0x0000000000008aa4                dbg_R
                0x0000000000008abc                dbg_FLG
                0x0000000000008ad4                dbg_Xbus
                0x0000000000008aec                dbg_MA
                0x0000000000008b04                dbg_WD
                0x0000000000008b1c                dbg_RD
                0x0000000000008b34                dbg_I
                0x0000000000008b4c                dbg_xsrc
                0x0000000000008b64                dbg_xdst
                0x0000000000008b7c                dbg_aluop
                0x0000000000008b94                dbg_cycle_count
                0x0000000000008bac                dbg_clock
                0x0000000000008bb8                dbg_we
 .text          0x0000000000008bc4       0xb4 obj/default/src/peripheral_driver/memory.o
                0x0000000000008bc4                assert_prg_we
                0x0000000000008bd4                negate_prg_we
                0x0000000000008be0                assert_prg_clock
                0x0000000000008bf0                negate_prg_clock
                0x0000000000008bfc                memory_wd
                0x0000000000008c48                memory_rd
 .text          0x0000000000008c78       0x1c obj/default/src/peripheral_driver/reset.o
                0x0000000000008c78                assert_reset
                0x0000000000008c88                negate_reset
 .text          0x0000000000008c94       0x8c obj/default/src/peripheral_driver/uart.o
                0x0000000000008c94                getchar
                0x0000000000008c98                getstr
                0x0000000000008d14                putstr
                0x0000000000008d18                tx_str
                0x0000000000008d1c                rx_str
 .text          0x0000000000008d20      0x15c obj/default/src/utility/hexchar_int.o
                0x0000000000008d20                hexchar_to_int
                0x0000000000008d4c                hex2chars_to_int
                0x0000000000008dc0                hex4chars_to_int
                0x0000000000008e58                hex_nth_digit
 .text          0x0000000000008e7c       0xa0 obj/default/src/utility/hexformat.o
                0x0000000000008e7c                bytecount_of_hexformat
                0x0000000000008e8c                address_of_hexformat
                0x0000000000008ea4                recordtype_of_hexformat
                0x0000000000008eb4                data_of_hexformat
                0x0000000000008ee0                checksum_of_hexformat
 .text          0x0000000000008f1c      0x1bc obj/default/src/utility/monitor_command.o
                0x0000000000008f1c                monitor_command
                0x00000000000090b4                unique
 .text          0x00000000000090d8       0x44 ../cdecv_monitor_bsp/\libhal_bsp.a(alt_getchar.o)
                0x00000000000090d8                alt_getchar
 .text          0x000000000000911c       0x2c ../cdecv_monitor_bsp/\libhal_bsp.a(alt_main.o)
                0x000000000000911c                alt_main
 .text          0x0000000000009148       0x38 ../cdecv_monitor_bsp/\libhal_bsp.a(alt_putstr.o)
                0x0000000000009148                alt_putstr
 .text          0x0000000000009180       0x24 ../cdecv_monitor_bsp/\libhal_bsp.a(alt_sys_init.o)
                0x0000000000009180                alt_irq_init
                0x00000000000091a0                alt_sys_init
 .text          0x00000000000091a4       0x8c ../cdecv_monitor_bsp/\libhal_bsp.a(altera_avalon_uart_read.o)
                0x00000000000091a4                altera_avalon_uart_read
 .text          0x0000000000009230       0x90 ../cdecv_monitor_bsp/\libhal_bsp.a(altera_avalon_uart_write.o)
                0x0000000000009230                altera_avalon_uart_write
 .text          0x00000000000092c0        0x8 ../cdecv_monitor_bsp/\libhal_bsp.a(alt_dev.o)
 .text          0x00000000000092c8        0x0 ../cdecv_monitor_bsp/\libhal_bsp.a(alt_errno.o)
 .text          0x00000000000092c8        0x8 ../cdecv_monitor_bsp/\libhal_bsp.a(altera_nios2_gen2_irq.o)
                0x00000000000092c8                altera_nios2_gen2_irq_init
 .text          0x00000000000092d0        0x0 d:/altera_lite/15.1/nios2eds/bin/gnu/h-x86_64-mingw32/bin/../lib/gcc/nios2-elf/4.9.2/../../../../../H-x86_64-mingw32/nios2-elf/lib/mno-hw-mul\libsmallc.a(lib_a-int_errno.o)
 .text          0x00000000000092d0        0x0 d:/altera_lite/15.1/nios2eds/bin/gnu/h-x86_64-mingw32/bin/../lib/gcc/nios2-elf/4.9.2/../../../../../H-x86_64-mingw32/nios2-elf/lib/mno-hw-mul\libsmallc.a(lib_a-strlen.o)
 .text.strlen   0x00000000000092d0       0x1c d:/altera_lite/15.1/nios2eds/bin/gnu/h-x86_64-mingw32/bin/../lib/gcc/nios2-elf/4.9.2/../../../../../H-x86_64-mingw32/nios2-elf/lib/mno-hw-mul\libsmallc.a(lib_a-strlen.o)
                0x00000000000092d0                strlen
 *(.gnu.warning.*)
 *(.fini)
                0x00000000000092ec                PROVIDE (__etext, ABSOLUTE (.))
                0x00000000000092ec                PROVIDE (_etext, ABSOLUTE (.))
                0x00000000000092ec                PROVIDE (etext, ABSOLUTE (.))
 *(.eh_frame_hdr)
                0x00000000000092ec                . = ALIGN (0x4)
                0x00000000000092ec                PROVIDE (__preinit_array_start, ABSOLUTE (.))
 *(.preinit_array)
                0x00000000000092ec                PROVIDE (__preinit_array_end, ABSOLUTE (.))
                0x00000000000092ec                PROVIDE (__init_array_start, ABSOLUTE (.))
 *(.init_array)
                0x00000000000092ec                PROVIDE (__init_array_end, ABSOLUTE (.))
                0x00000000000092ec                PROVIDE (__fini_array_start, ABSOLUTE (.))
 *(.fini_array)
                0x00000000000092ec                PROVIDE (__fini_array_end, ABSOLUTE (.))
 *(.eh_frame)
 *(.gcc_except_table .gcc_except_table.*)
 *(.dynamic)
                0x00000000000092ec                PROVIDE (__CTOR_LIST__, ABSOLUTE (.))
 *(.ctors)
 *(SORT(.ctors.*))
                0x00000000000092ec                PROVIDE (__CTOR_END__, ABSOLUTE (.))
                0x00000000000092ec                PROVIDE (__DTOR_LIST__, ABSOLUTE (.))
 *(.dtors)
 *(SORT(.dtors.*))
                0x00000000000092ec                PROVIDE (__DTOR_END__, ABSOLUTE (.))
 *(.jcr)
                0x00000000000092ec                . = ALIGN (0x4)

.rodata         0x00000000000092ec       0x44
                0x00000000000092ec                PROVIDE (__ram_rodata_start, ABSOLUTE (.))
                0x00000000000092ec                . = ALIGN (0x4)
 *(.rodata .rodata.* .gnu.linkonce.r.*)
 .rodata.str1.4
                0x00000000000092ec        0xe obj/default/src/hello_world_small.o
                                         0x10 (size before relaxing)
 .rodata        0x00000000000092fa       0x27 obj/default/src/utility/hexchar_int.o
 *fill*         0x0000000000009321        0x3 
 .rodata.str1.4
                0x0000000000009324        0xc ../cdecv_monitor_bsp/\libhal_bsp.a(alt_dev.o)
 *(.rodata1)
                0x0000000000009330                . = ALIGN (0x4)
                0x0000000000009330                PROVIDE (__ram_rodata_end, ABSOLUTE (.))
                0x00000000000092ec                PROVIDE (__flash_rodata_start, LOADADDR (.rodata))

.rwdata         0x0000000000009330       0x78
                0x0000000000009330                PROVIDE (__ram_rwdata_start, ABSOLUTE (.))
                0x0000000000009330                . = ALIGN (0x4)
 *(.got.plt)
 *(.got)
 *(.data1)
 *(.data .data.* .gnu.linkonce.d.*)
 .data          0x0000000000009330        0x0 ../cdecv_monitor_bsp//obj/HAL/src/crt0.o
 .data          0x0000000000009330        0x0 obj/default/src/debug_data.o
 .data          0x0000000000009330        0x0 obj/default/src/hello_world_small.o
 .data          0x0000000000009330        0x0 obj/default/src/memory_data.o
 .data          0x0000000000009330        0x0 obj/default/src/peripheral_driver/clock.o
 .data          0x0000000000009330        0x0 obj/default/src/peripheral_driver/dbg.o
 .data          0x0000000000009330        0x0 obj/default/src/peripheral_driver/memory.o
 .data          0x0000000000009330        0x0 obj/default/src/peripheral_driver/reset.o
 .data          0x0000000000009330        0x0 obj/default/src/peripheral_driver/uart.o
 .data          0x0000000000009330        0x0 obj/default/src/utility/hexchar_int.o
 .data          0x0000000000009330        0x0 obj/default/src/utility/hexformat.o
 .data          0x0000000000009330        0x0 obj/default/src/utility/monitor_command.o
 .data          0x0000000000009330        0x0 ../cdecv_monitor_bsp/\libhal_bsp.a(alt_getchar.o)
 .data          0x0000000000009330        0x0 ../cdecv_monitor_bsp/\libhal_bsp.a(alt_main.o)
 .data          0x0000000000009330        0x0 ../cdecv_monitor_bsp/\libhal_bsp.a(alt_putstr.o)
 .data          0x0000000000009330        0x0 ../cdecv_monitor_bsp/\libhal_bsp.a(alt_sys_init.o)
 .data          0x0000000000009330        0x0 ../cdecv_monitor_bsp/\libhal_bsp.a(altera_avalon_uart_read.o)
 .data          0x0000000000009330        0x0 ../cdecv_monitor_bsp/\libhal_bsp.a(altera_avalon_uart_write.o)
 .data          0x0000000000009330       0x58 ../cdecv_monitor_bsp/\libhal_bsp.a(alt_dev.o)
                0x0000000000009330                alt_fd_list
                0x0000000000009360                alt_dev_null
 .data          0x0000000000009388        0x0 ../cdecv_monitor_bsp/\libhal_bsp.a(alt_errno.o)
 .data          0x0000000000009388        0x0 ../cdecv_monitor_bsp/\libhal_bsp.a(altera_nios2_gen2_irq.o)
 .data          0x0000000000009388        0x0 d:/altera_lite/15.1/nios2eds/bin/gnu/h-x86_64-mingw32/bin/../lib/gcc/nios2-elf/4.9.2/../../../../../H-x86_64-mingw32/nios2-elf/lib/mno-hw-mul\libsmallc.a(lib_a-int_errno.o)
 .data          0x0000000000009388        0x0 d:/altera_lite/15.1/nios2eds/bin/gnu/h-x86_64-mingw32/bin/../lib/gcc/nios2-elf/4.9.2/../../../../../H-x86_64-mingw32/nios2-elf/lib/mno-hw-mul\libsmallc.a(lib_a-strlen.o)
                0x0000000000011388                _gp = ABSOLUTE ((. + 0x8000))
                0x0000000000011388                PROVIDE (gp, _gp)
 *(.rwdata .rwdata.*)
 *(.sdata .sdata.* .gnu.linkonce.s.*)
 .sdata         0x0000000000009388        0x4 obj/default/src/hello_world_small.o
                0x0000000000009388                EOF
 .sdata         0x000000000000938c        0x4 ../cdecv_monitor_bsp/\libhal_bsp.a(alt_sys_init.o)
                0x000000000000938c                uart
 .sdata         0x0000000000009390       0x14 ../cdecv_monitor_bsp/\libhal_bsp.a(alt_dev.o)
                0x0000000000009390                alt_max_fd
                0x0000000000009394                alt_dev_list
                0x000000000000939c                alt_fs_list
 .sdata         0x00000000000093a4        0x4 ../cdecv_monitor_bsp/\libhal_bsp.a(alt_errno.o)
                0x00000000000093a4                alt_errno
 *(.sdata2 .sdata2.* .gnu.linkonce.s2.*)
                0x00000000000093a8                . = ALIGN (0x4)
                0x00000000000093a8                _edata = ABSOLUTE (.)
                0x00000000000093a8                PROVIDE (edata, ABSOLUTE (.))
                0x00000000000093a8                PROVIDE (__ram_rwdata_end, ABSOLUTE (.))
                0x0000000000009330                PROVIDE (__flash_rwdata_start, LOADADDR (.rwdata))

.bss            0x00000000000093a8       0x14
                0x00000000000093a8                __bss_start = ABSOLUTE (.)
                0x00000000000093a8                PROVIDE (__sbss_start, ABSOLUTE (.))
                0x00000000000093a8                PROVIDE (___sbss_start, ABSOLUTE (.))
 *(.dynsbss)
 *(.sbss .sbss.* .gnu.linkonce.sb.*)
 .sbss          0x00000000000093a8        0xc ../cdecv_monitor_bsp/\libhal_bsp.a(alt_main.o)
                0x00000000000093a8                alt_envp
                0x00000000000093ac                alt_argv
                0x00000000000093b0                alt_argc
 .sbss          0x00000000000093b4        0x4 ../cdecv_monitor_bsp/\libhal_bsp.a(alt_sys_init.o)
                0x00000000000093b4                jtag_uart_0
 .sbss          0x00000000000093b8        0x4 d:/altera_lite/15.1/nios2eds/bin/gnu/h-x86_64-mingw32/bin/../lib/gcc/nios2-elf/4.9.2/../../../../../H-x86_64-mingw32/nios2-elf/lib/mno-hw-mul\libsmallc.a(lib_a-int_errno.o)
                0x00000000000093b8                errno
 *(.sbss2 .sbss2.* .gnu.linkonce.sb2.*)
 *(.scommon)
                0x00000000000093bc                PROVIDE (__sbss_end, ABSOLUTE (.))
                0x00000000000093bc                PROVIDE (___sbss_end, ABSOLUTE (.))
 *(.dynbss)
 *(.bss .bss.* .gnu.linkonce.b.*)
 .bss           0x00000000000093bc        0x0 ../cdecv_monitor_bsp//obj/HAL/src/crt0.o
 .bss           0x00000000000093bc        0x0 obj/default/src/debug_data.o
 .bss           0x00000000000093bc        0x0 obj/default/src/hello_world_small.o
 .bss           0x00000000000093bc        0x0 obj/default/src/memory_data.o
 .bss           0x00000000000093bc        0x0 obj/default/src/peripheral_driver/clock.o
 .bss           0x00000000000093bc        0x0 obj/default/src/peripheral_driver/dbg.o
 .bss           0x00000000000093bc        0x0 obj/default/src/peripheral_driver/memory.o
 .bss           0x00000000000093bc        0x0 obj/default/src/peripheral_driver/reset.o
 .bss           0x00000000000093bc        0x0 obj/default/src/peripheral_driver/uart.o
 .bss           0x00000000000093bc        0x0 obj/default/src/utility/hexchar_int.o
 .bss           0x00000000000093bc        0x0 obj/default/src/utility/hexformat.o
 .bss           0x00000000000093bc        0x0 obj/default/src/utility/monitor_command.o
 .bss           0x00000000000093bc        0x0 ../cdecv_monitor_bsp/\libhal_bsp.a(alt_getchar.o)
 .bss           0x00000000000093bc        0x0 ../cdecv_monitor_bsp/\libhal_bsp.a(alt_main.o)
 .bss           0x00000000000093bc        0x0 ../cdecv_monitor_bsp/\libhal_bsp.a(alt_putstr.o)
 .bss           0x00000000000093bc        0x0 ../cdecv_monitor_bsp/\libhal_bsp.a(alt_sys_init.o)
 .bss           0x00000000000093bc        0x0 ../cdecv_monitor_bsp/\libhal_bsp.a(altera_avalon_uart_read.o)
 .bss           0x00000000000093bc        0x0 ../cdecv_monitor_bsp/\libhal_bsp.a(altera_avalon_uart_write.o)
 .bss           0x00000000000093bc        0x0 ../cdecv_monitor_bsp/\libhal_bsp.a(alt_dev.o)
 .bss           0x00000000000093bc        0x0 ../cdecv_monitor_bsp/\libhal_bsp.a(alt_errno.o)
 .bss           0x00000000000093bc        0x0 ../cdecv_monitor_bsp/\libhal_bsp.a(altera_nios2_gen2_irq.o)
 .bss           0x00000000000093bc        0x0 d:/altera_lite/15.1/nios2eds/bin/gnu/h-x86_64-mingw32/bin/../lib/gcc/nios2-elf/4.9.2/../../../../../H-x86_64-mingw32/nios2-elf/lib/mno-hw-mul\libsmallc.a(lib_a-int_errno.o)
 .bss           0x00000000000093bc        0x0 d:/altera_lite/15.1/nios2eds/bin/gnu/h-x86_64-mingw32/bin/../lib/gcc/nios2-elf/4.9.2/../../../../../H-x86_64-mingw32/nios2-elf/lib/mno-hw-mul\libsmallc.a(lib_a-strlen.o)
 *(COMMON)
                0x00000000000093bc                . = ALIGN (0x4)
                0x00000000000093bc                __bss_end = ABSOLUTE (.)

.onchip_memory  0x00000000000093bc        0x0
                0x00000000000093bc                PROVIDE (_alt_partition_onchip_memory_start, ABSOLUTE (.))
 *(.onchip_memory .onchip_memory. onchip_memory.*)
                0x00000000000093bc                . = ALIGN (0x4)
                0x00000000000093bc                PROVIDE (_alt_partition_onchip_memory_end, ABSOLUTE (.))
                0x00000000000093bc                _end = ABSOLUTE (.)
                0x00000000000093bc                end = ABSOLUTE (.)
                0x00000000000093bc                __alt_stack_base = ABSOLUTE (.)
                0x00000000000093bc                PROVIDE (_alt_partition_onchip_memory_load_addr, LOADADDR (.onchip_memory))

.stab
 *(.stab)

.stabstr
 *(.stabstr)

.stab.excl
 *(.stab.excl)

.stab.exclstr
 *(.stab.exclstr)

.stab.index
 *(.stab.index)

.stab.indexstr
 *(.stab.indexstr)

.comment        0x0000000000000000       0x23
 *(.comment)
 .comment       0x0000000000000000       0x23 obj/default/src/debug_data.o
                                         0x24 (size before relaxing)
 .comment       0x0000000000000000       0x24 obj/default/src/hello_world_small.o
 .comment       0x0000000000000000       0x24 obj/default/src/memory_data.o
 .comment       0x0000000000000000       0x24 obj/default/src/peripheral_driver/clock.o
 .comment       0x0000000000000000       0x24 obj/default/src/peripheral_driver/dbg.o
 .comment       0x0000000000000000       0x24 obj/default/src/peripheral_driver/memory.o
 .comment       0x0000000000000000       0x24 obj/default/src/peripheral_driver/reset.o
 .comment       0x0000000000000000       0x24 obj/default/src/peripheral_driver/uart.o
 .comment       0x0000000000000000       0x24 obj/default/src/utility/hexchar_int.o
 .comment       0x0000000000000000       0x24 obj/default/src/utility/hexformat.o
 .comment       0x0000000000000000       0x24 obj/default/src/utility/monitor_command.o
 .comment       0x0000000000000000       0x24 ../cdecv_monitor_bsp/\libhal_bsp.a(alt_getchar.o)
 .comment       0x0000000000000000       0x24 ../cdecv_monitor_bsp/\libhal_bsp.a(alt_main.o)
 .comment       0x0000000000000000       0x24 ../cdecv_monitor_bsp/\libhal_bsp.a(alt_putstr.o)
 .comment       0x0000000000000000       0x24 ../cdecv_monitor_bsp/\libhal_bsp.a(alt_sys_init.o)
 .comment       0x0000000000000000       0x24 ../cdecv_monitor_bsp/\libhal_bsp.a(altera_avalon_uart_read.o)
 .comment       0x0000000000000000       0x24 ../cdecv_monitor_bsp/\libhal_bsp.a(altera_avalon_uart_write.o)
 .comment       0x0000000000000000       0x24 ../cdecv_monitor_bsp/\libhal_bsp.a(alt_dev.o)
 .comment       0x0000000000000000       0x24 ../cdecv_monitor_bsp/\libhal_bsp.a(alt_errno.o)
 .comment       0x0000000000000000       0x24 ../cdecv_monitor_bsp/\libhal_bsp.a(altera_nios2_gen2_irq.o)
 .comment       0x0000000000000000       0x24 d:/altera_lite/15.1/nios2eds/bin/gnu/h-x86_64-mingw32/bin/../lib/gcc/nios2-elf/4.9.2/../../../../../H-x86_64-mingw32/nios2-elf/lib/mno-hw-mul\libsmallc.a(lib_a-int_errno.o)
 .comment       0x0000000000000000       0x24 d:/altera_lite/15.1/nios2eds/bin/gnu/h-x86_64-mingw32/bin/../lib/gcc/nios2-elf/4.9.2/../../../../../H-x86_64-mingw32/nios2-elf/lib/mno-hw-mul\libsmallc.a(lib_a-strlen.o)

.debug
 *(.debug)

.line
 *(.line)

.debug_srcinfo
 *(.debug_srcinfo)

.debug_sfnames
 *(.debug_sfnames)

.debug_aranges  0x0000000000000000      0x2e0
 *(.debug_aranges)
 .debug_aranges
                0x0000000000000000       0x28 ../cdecv_monitor_bsp//obj/HAL/src/crt0.o
 .debug_aranges
                0x0000000000000028       0x20 obj/default/src/debug_data.o
 .debug_aranges
                0x0000000000000048       0x28 obj/default/src/hello_world_small.o
 .debug_aranges
                0x0000000000000070       0x20 obj/default/src/memory_data.o
 .debug_aranges
                0x0000000000000090       0x20 obj/default/src/peripheral_driver/clock.o
 .debug_aranges
                0x00000000000000b0       0x20 obj/default/src/peripheral_driver/dbg.o
 .debug_aranges
                0x00000000000000d0       0x20 obj/default/src/peripheral_driver/memory.o
 .debug_aranges
                0x00000000000000f0       0x20 obj/default/src/peripheral_driver/reset.o
 .debug_aranges
                0x0000000000000110       0x20 obj/default/src/peripheral_driver/uart.o
 .debug_aranges
                0x0000000000000130       0x20 obj/default/src/utility/hexchar_int.o
 .debug_aranges
                0x0000000000000150       0x20 obj/default/src/utility/hexformat.o
 .debug_aranges
                0x0000000000000170       0x20 obj/default/src/utility/monitor_command.o
 .debug_aranges
                0x0000000000000190       0x20 ../cdecv_monitor_bsp/\libhal_bsp.a(alt_getchar.o)
 .debug_aranges
                0x00000000000001b0       0x20 ../cdecv_monitor_bsp/\libhal_bsp.a(alt_main.o)
 .debug_aranges
                0x00000000000001d0       0x20 ../cdecv_monitor_bsp/\libhal_bsp.a(alt_putstr.o)
 .debug_aranges
                0x00000000000001f0       0x20 ../cdecv_monitor_bsp/\libhal_bsp.a(alt_sys_init.o)
 .debug_aranges
                0x0000000000000210       0x20 ../cdecv_monitor_bsp/\libhal_bsp.a(altera_avalon_uart_read.o)
 .debug_aranges
                0x0000000000000230       0x20 ../cdecv_monitor_bsp/\libhal_bsp.a(altera_avalon_uart_write.o)
 .debug_aranges
                0x0000000000000250       0x20 ../cdecv_monitor_bsp/\libhal_bsp.a(alt_dev.o)
 .debug_aranges
                0x0000000000000270       0x18 ../cdecv_monitor_bsp/\libhal_bsp.a(alt_errno.o)
 .debug_aranges
                0x0000000000000288       0x20 ../cdecv_monitor_bsp/\libhal_bsp.a(altera_nios2_gen2_irq.o)
 .debug_aranges
                0x00000000000002a8       0x18 d:/altera_lite/15.1/nios2eds/bin/gnu/h-x86_64-mingw32/bin/../lib/gcc/nios2-elf/4.9.2/../../../../../H-x86_64-mingw32/nios2-elf/lib/mno-hw-mul\libsmallc.a(lib_a-int_errno.o)
 .debug_aranges
                0x00000000000002c0       0x20 d:/altera_lite/15.1/nios2eds/bin/gnu/h-x86_64-mingw32/bin/../lib/gcc/nios2-elf/4.9.2/../../../../../H-x86_64-mingw32/nios2-elf/lib/mno-hw-mul\libsmallc.a(lib_a-strlen.o)

.debug_pubnames
 *(.debug_pubnames)

.debug_info     0x0000000000000000     0x35e5
 *(.debug_info .gnu.linkonce.wi.*)
 .debug_info    0x0000000000000000       0x86 ../cdecv_monitor_bsp//obj/HAL/src/crt0.o
 .debug_info    0x0000000000000086      0x18c obj/default/src/debug_data.o
 .debug_info    0x0000000000000212      0xe25 obj/default/src/hello_world_small.o
 .debug_info    0x0000000000001037      0x4eb obj/default/src/memory_data.o
 .debug_info    0x0000000000001522       0x8b obj/default/src/peripheral_driver/clock.o
 .debug_info    0x00000000000015ad      0x3df obj/default/src/peripheral_driver/dbg.o
 .debug_info    0x000000000000198c      0x184 obj/default/src/peripheral_driver/memory.o
 .debug_info    0x0000000000001b10       0x8b obj/default/src/peripheral_driver/reset.o
 .debug_info    0x0000000000001b9b      0x1e0 obj/default/src/peripheral_driver/uart.o
 .debug_info    0x0000000000001d7b      0x1e6 obj/default/src/utility/hexchar_int.o
 .debug_info    0x0000000000001f61      0x1e2 obj/default/src/utility/hexformat.o
 .debug_info    0x0000000000002143      0x275 obj/default/src/utility/monitor_command.o
 .debug_info    0x00000000000023b8      0x33b ../cdecv_monitor_bsp/\libhal_bsp.a(alt_getchar.o)
 .debug_info    0x00000000000026f3      0x17b ../cdecv_monitor_bsp/\libhal_bsp.a(alt_main.o)
 .debug_info    0x000000000000286e      0x15d ../cdecv_monitor_bsp/\libhal_bsp.a(alt_putstr.o)
 .debug_info    0x00000000000029cb      0x1af ../cdecv_monitor_bsp/\libhal_bsp.a(alt_sys_init.o)
 .debug_info    0x0000000000002b7a      0x1ab ../cdecv_monitor_bsp/\libhal_bsp.a(altera_avalon_uart_read.o)
 .debug_info    0x0000000000002d25      0x1bf ../cdecv_monitor_bsp/\libhal_bsp.a(altera_avalon_uart_write.o)
 .debug_info    0x0000000000002ee4      0x492 ../cdecv_monitor_bsp/\libhal_bsp.a(alt_dev.o)
 .debug_info    0x0000000000003376       0x9f ../cdecv_monitor_bsp/\libhal_bsp.a(alt_errno.o)
 .debug_info    0x0000000000003415       0x8b ../cdecv_monitor_bsp/\libhal_bsp.a(altera_nios2_gen2_irq.o)
 .debug_info    0x00000000000034a0       0x83 d:/altera_lite/15.1/nios2eds/bin/gnu/h-x86_64-mingw32/bin/../lib/gcc/nios2-elf/4.9.2/../../../../../H-x86_64-mingw32/nios2-elf/lib/mno-hw-mul\libsmallc.a(lib_a-int_errno.o)
 .debug_info    0x0000000000003523       0xc2 d:/altera_lite/15.1/nios2eds/bin/gnu/h-x86_64-mingw32/bin/../lib/gcc/nios2-elf/4.9.2/../../../../../H-x86_64-mingw32/nios2-elf/lib/mno-hw-mul\libsmallc.a(lib_a-strlen.o)

.debug_abbrev   0x0000000000000000     0x12ae
 *(.debug_abbrev)
 .debug_abbrev  0x0000000000000000       0x12 ../cdecv_monitor_bsp//obj/HAL/src/crt0.o
 .debug_abbrev  0x0000000000000012      0x103 obj/default/src/debug_data.o
 .debug_abbrev  0x0000000000000115      0x1eb obj/default/src/hello_world_small.o
 .debug_abbrev  0x0000000000000300      0x179 obj/default/src/memory_data.o
 .debug_abbrev  0x0000000000000479       0x42 obj/default/src/peripheral_driver/clock.o
 .debug_abbrev  0x00000000000004bb       0xc5 obj/default/src/peripheral_driver/dbg.o
 .debug_abbrev  0x0000000000000580       0xa4 obj/default/src/peripheral_driver/memory.o
 .debug_abbrev  0x0000000000000624       0x42 obj/default/src/peripheral_driver/reset.o
 .debug_abbrev  0x0000000000000666      0x15a obj/default/src/peripheral_driver/uart.o
 .debug_abbrev  0x00000000000007c0       0xea obj/default/src/utility/hexchar_int.o
 .debug_abbrev  0x00000000000008aa       0xf3 obj/default/src/utility/hexformat.o
 .debug_abbrev  0x000000000000099d       0xf5 obj/default/src/utility/monitor_command.o
 .debug_abbrev  0x0000000000000a92      0x11f ../cdecv_monitor_bsp/\libhal_bsp.a(alt_getchar.o)
 .debug_abbrev  0x0000000000000bb1      0x120 ../cdecv_monitor_bsp/\libhal_bsp.a(alt_main.o)
 .debug_abbrev  0x0000000000000cd1       0xe2 ../cdecv_monitor_bsp/\libhal_bsp.a(alt_putstr.o)
 .debug_abbrev  0x0000000000000db3      0x107 ../cdecv_monitor_bsp/\libhal_bsp.a(alt_sys_init.o)
 .debug_abbrev  0x0000000000000eba       0xe1 ../cdecv_monitor_bsp/\libhal_bsp.a(altera_avalon_uart_read.o)
 .debug_abbrev  0x0000000000000f9b       0xe8 ../cdecv_monitor_bsp/\libhal_bsp.a(altera_avalon_uart_write.o)
 .debug_abbrev  0x0000000000001083       0xd9 ../cdecv_monitor_bsp/\libhal_bsp.a(alt_dev.o)
 .debug_abbrev  0x000000000000115c       0x5a ../cdecv_monitor_bsp/\libhal_bsp.a(alt_errno.o)
 .debug_abbrev  0x00000000000011b6       0x42 ../cdecv_monitor_bsp/\libhal_bsp.a(altera_nios2_gen2_irq.o)
 .debug_abbrev  0x00000000000011f8       0x37 d:/altera_lite/15.1/nios2eds/bin/gnu/h-x86_64-mingw32/bin/../lib/gcc/nios2-elf/4.9.2/../../../../../H-x86_64-mingw32/nios2-elf/lib/mno-hw-mul\libsmallc.a(lib_a-int_errno.o)
 .debug_abbrev  0x000000000000122f       0x7f d:/altera_lite/15.1/nios2eds/bin/gnu/h-x86_64-mingw32/bin/../lib/gcc/nios2-elf/4.9.2/../../../../../H-x86_64-mingw32/nios2-elf/lib/mno-hw-mul\libsmallc.a(lib_a-strlen.o)

.debug_line     0x0000000000000000     0x10e7
 *(.debug_line)
 .debug_line    0x0000000000000000       0x63 ../cdecv_monitor_bsp//obj/HAL/src/crt0.o
 .debug_line    0x0000000000000063       0x67 obj/default/src/debug_data.o
 .debug_line    0x00000000000000ca      0x169 obj/default/src/hello_world_small.o
 .debug_line    0x0000000000000233      0x12f obj/default/src/memory_data.o
 .debug_line    0x0000000000000362       0x7b obj/default/src/peripheral_driver/clock.o
 .debug_line    0x00000000000003dd       0xea obj/default/src/peripheral_driver/dbg.o
 .debug_line    0x00000000000004c7       0x99 obj/default/src/peripheral_driver/memory.o
 .debug_line    0x0000000000000560       0x7b obj/default/src/peripheral_driver/reset.o
 .debug_line    0x00000000000005db       0xa6 obj/default/src/peripheral_driver/uart.o
 .debug_line    0x0000000000000681       0x93 obj/default/src/utility/hexchar_int.o
 .debug_line    0x0000000000000714       0x70 obj/default/src/utility/hexformat.o
 .debug_line    0x0000000000000784       0xa0 obj/default/src/utility/monitor_command.o
 .debug_line    0x0000000000000824       0xb7 ../cdecv_monitor_bsp/\libhal_bsp.a(alt_getchar.o)
 .debug_line    0x00000000000008db       0xbd ../cdecv_monitor_bsp/\libhal_bsp.a(alt_main.o)
 .debug_line    0x0000000000000998       0xff ../cdecv_monitor_bsp/\libhal_bsp.a(alt_putstr.o)
 .debug_line    0x0000000000000a97      0x119 ../cdecv_monitor_bsp/\libhal_bsp.a(alt_sys_init.o)
 .debug_line    0x0000000000000bb0       0xfc ../cdecv_monitor_bsp/\libhal_bsp.a(altera_avalon_uart_read.o)
 .debug_line    0x0000000000000cac       0xec ../cdecv_monitor_bsp/\libhal_bsp.a(altera_avalon_uart_write.o)
 .debug_line    0x0000000000000d98       0xf3 ../cdecv_monitor_bsp/\libhal_bsp.a(alt_dev.o)
 .debug_line    0x0000000000000e8b       0x51 ../cdecv_monitor_bsp/\libhal_bsp.a(alt_errno.o)
 .debug_line    0x0000000000000edc       0x50 ../cdecv_monitor_bsp/\libhal_bsp.a(altera_nios2_gen2_irq.o)
 .debug_line    0x0000000000000f2c       0x5f d:/altera_lite/15.1/nios2eds/bin/gnu/h-x86_64-mingw32/bin/../lib/gcc/nios2-elf/4.9.2/../../../../../H-x86_64-mingw32/nios2-elf/lib/mno-hw-mul\libsmallc.a(lib_a-int_errno.o)
 .debug_line    0x0000000000000f8b      0x15c d:/altera_lite/15.1/nios2eds/bin/gnu/h-x86_64-mingw32/bin/../lib/gcc/nios2-elf/4.9.2/../../../../../H-x86_64-mingw32/nios2-elf/lib/mno-hw-mul\libsmallc.a(lib_a-strlen.o)

.debug_frame    0x0000000000000000      0x970
 *(.debug_frame)
 .debug_frame   0x0000000000000000       0x48 obj/default/src/debug_data.o
 .debug_frame   0x0000000000000048      0x2dc obj/default/src/hello_world_small.o
 .debug_frame   0x0000000000000324      0x108 obj/default/src/memory_data.o
 .debug_frame   0x000000000000042c       0x30 obj/default/src/peripheral_driver/clock.o
 .debug_frame   0x000000000000045c      0x140 obj/default/src/peripheral_driver/dbg.o
 .debug_frame   0x000000000000059c       0x70 obj/default/src/peripheral_driver/memory.o
 .debug_frame   0x000000000000060c       0x30 obj/default/src/peripheral_driver/reset.o
 .debug_frame   0x000000000000063c       0x84 obj/default/src/peripheral_driver/uart.o
 .debug_frame   0x00000000000006c0       0x80 obj/default/src/utility/hexchar_int.o
 .debug_frame   0x0000000000000740       0x7c obj/default/src/utility/hexformat.o
 .debug_frame   0x00000000000007bc       0x30 obj/default/src/utility/monitor_command.o
 .debug_frame   0x00000000000007ec       0x2c ../cdecv_monitor_bsp/\libhal_bsp.a(alt_getchar.o)
 .debug_frame   0x0000000000000818       0x2c ../cdecv_monitor_bsp/\libhal_bsp.a(alt_main.o)
 .debug_frame   0x0000000000000844       0x30 ../cdecv_monitor_bsp/\libhal_bsp.a(alt_putstr.o)
 .debug_frame   0x0000000000000874       0x3c ../cdecv_monitor_bsp/\libhal_bsp.a(alt_sys_init.o)
 .debug_frame   0x00000000000008b0       0x2c ../cdecv_monitor_bsp/\libhal_bsp.a(altera_avalon_uart_read.o)
 .debug_frame   0x00000000000008dc       0x34 ../cdecv_monitor_bsp/\libhal_bsp.a(altera_avalon_uart_write.o)
 .debug_frame   0x0000000000000910       0x20 ../cdecv_monitor_bsp/\libhal_bsp.a(alt_dev.o)
 .debug_frame   0x0000000000000930       0x20 ../cdecv_monitor_bsp/\libhal_bsp.a(altera_nios2_gen2_irq.o)
 .debug_frame   0x0000000000000950       0x20 d:/altera_lite/15.1/nios2eds/bin/gnu/h-x86_64-mingw32/bin/../lib/gcc/nios2-elf/4.9.2/../../../../../H-x86_64-mingw32/nios2-elf/lib/mno-hw-mul\libsmallc.a(lib_a-strlen.o)

.debug_str      0x0000000000000000      0xe2b
 *(.debug_str)
 .debug_str     0x0000000000000000      0x138 obj/default/src/debug_data.o
                                        0x142 (size before relaxing)
 .debug_str     0x0000000000000138      0x3c2 obj/default/src/hello_world_small.o
                                        0x507 (size before relaxing)
 .debug_str     0x00000000000004fa       0xaa obj/default/src/memory_data.o
                                        0x1f5 (size before relaxing)
 .debug_str     0x00000000000005a4       0x75 obj/default/src/peripheral_driver/clock.o
                                        0x13c (size before relaxing)
 .debug_str     0x0000000000000619       0x25 obj/default/src/peripheral_driver/dbg.o
                                        0x1bc (size before relaxing)
 .debug_str     0x000000000000063e       0x5d obj/default/src/peripheral_driver/memory.o
                                        0x184 (size before relaxing)
 .debug_str     0x000000000000069b       0x1e obj/default/src/peripheral_driver/reset.o
                                        0x13c (size before relaxing)
 .debug_str     0x00000000000006b9       0x41 obj/default/src/peripheral_driver/uart.o
                                         0xe9 (size before relaxing)
 .debug_str     0x00000000000006fa       0x6b obj/default/src/utility/hexchar_int.o
                                        0x10e (size before relaxing)
 .debug_str     0x0000000000000765       0x35 obj/default/src/utility/hexformat.o
                                        0x138 (size before relaxing)
 .debug_str     0x000000000000079a       0x25 obj/default/src/utility/monitor_command.o
                                        0x2b3 (size before relaxing)
 .debug_str     0x00000000000007bf      0x12f ../cdecv_monitor_bsp/\libhal_bsp.a(alt_getchar.o)
                                        0x222 (size before relaxing)
 .debug_str     0x00000000000008ee       0x5e ../cdecv_monitor_bsp/\libhal_bsp.a(alt_main.o)
                                        0x1b0 (size before relaxing)
 .debug_str     0x000000000000094c       0x3c ../cdecv_monitor_bsp/\libhal_bsp.a(alt_putstr.o)
                                        0x183 (size before relaxing)
 .debug_str     0x0000000000000988       0xd3 ../cdecv_monitor_bsp/\libhal_bsp.a(alt_sys_init.o)
                                        0x25a (size before relaxing)
 .debug_str     0x0000000000000a5b       0x4b ../cdecv_monitor_bsp/\libhal_bsp.a(altera_avalon_uart_read.o)
                                        0x1fc (size before relaxing)
 .debug_str     0x0000000000000aa6       0x27 ../cdecv_monitor_bsp/\libhal_bsp.a(altera_avalon_uart_write.o)
                                        0x204 (size before relaxing)
 .debug_str     0x0000000000000acd      0x120 ../cdecv_monitor_bsp/\libhal_bsp.a(alt_dev.o)
                                        0x300 (size before relaxing)
 .debug_str     0x0000000000000bed       0x14 ../cdecv_monitor_bsp/\libhal_bsp.a(alt_errno.o)
                                        0x140 (size before relaxing)
 .debug_str     0x0000000000000c01       0x20 ../cdecv_monitor_bsp/\libhal_bsp.a(altera_nios2_gen2_irq.o)
                                        0x157 (size before relaxing)
 .debug_str     0x0000000000000c21      0x132 d:/altera_lite/15.1/nios2eds/bin/gnu/h-x86_64-mingw32/bin/../lib/gcc/nios2-elf/4.9.2/../../../../../H-x86_64-mingw32/nios2-elf/lib/mno-hw-mul\libsmallc.a(lib_a-int_errno.o)
                                        0x1ca (size before relaxing)
 .debug_str     0x0000000000000d53       0xd8 d:/altera_lite/15.1/nios2eds/bin/gnu/h-x86_64-mingw32/bin/../lib/gcc/nios2-elf/4.9.2/../../../../../H-x86_64-mingw32/nios2-elf/lib/mno-hw-mul\libsmallc.a(lib_a-strlen.o)
                                        0x1d7 (size before relaxing)

.debug_loc      0x0000000000000000      0xc47
 *(.debug_loc)
 .debug_loc     0x0000000000000000       0x84 obj/default/src/debug_data.o
 .debug_loc     0x0000000000000084       0x42 obj/default/src/hello_world_small.o
 .debug_loc     0x00000000000000c6      0x39d obj/default/src/memory_data.o
 .debug_loc     0x0000000000000463       0x21 obj/default/src/peripheral_driver/dbg.o
 .debug_loc     0x0000000000000484       0x63 obj/default/src/peripheral_driver/memory.o
 .debug_loc     0x00000000000004e7       0xea obj/default/src/peripheral_driver/uart.o
 .debug_loc     0x00000000000005d1      0x247 obj/default/src/utility/hexchar_int.o
 .debug_loc     0x0000000000000818      0x136 obj/default/src/utility/hexformat.o
 .debug_loc     0x000000000000094e       0x21 obj/default/src/utility/monitor_command.o
 .debug_loc     0x000000000000096f       0x37 ../cdecv_monitor_bsp/\libhal_bsp.a(alt_putstr.o)
 .debug_loc     0x00000000000009a6       0x21 ../cdecv_monitor_bsp/\libhal_bsp.a(alt_sys_init.o)
 .debug_loc     0x00000000000009c7      0x106 ../cdecv_monitor_bsp/\libhal_bsp.a(altera_avalon_uart_read.o)
 .debug_loc     0x0000000000000acd      0x15c ../cdecv_monitor_bsp/\libhal_bsp.a(altera_avalon_uart_write.o)
 .debug_loc     0x0000000000000c29       0x1e d:/altera_lite/15.1/nios2eds/bin/gnu/h-x86_64-mingw32/bin/../lib/gcc/nios2-elf/4.9.2/../../../../../H-x86_64-mingw32/nios2-elf/lib/mno-hw-mul\libsmallc.a(lib_a-strlen.o)

.debug_macinfo
 *(.debug_macinfo)

.debug_weaknames
 *(.debug_weaknames)

.debug_funcnames
 *(.debug_funcnames)

.debug_typenames
 *(.debug_typenames)

.debug_varnames
 *(.debug_varnames)

.debug_alt_sim_info
                0x0000000000000000       0x10
 *(.debug_alt_sim_info)
 .debug_alt_sim_info
                0x0000000000000000       0x10 ../cdecv_monitor_bsp//obj/HAL/src/crt0.o
                0x000000000000a000                __alt_data_end = 0xa000
                0x000000000000a000                PROVIDE (__alt_stack_pointer, __alt_data_end)
                0x00000000000093bc                PROVIDE (__alt_stack_limit, __alt_stack_base)
                0x00000000000093bc                PROVIDE (__alt_heap_start, end)
                0x000000000000a000                PROVIDE (__alt_heap_limit, 0xa000)
OUTPUT(cdecv_monitor.elf elf32-littlenios2)

.debug_ranges   0x0000000000000000       0x68
 .debug_ranges  0x0000000000000000       0x20 ../cdecv_monitor_bsp//obj/HAL/src/crt0.o
 .debug_ranges  0x0000000000000020       0x18 obj/default/src/hello_world_small.o
 .debug_ranges  0x0000000000000038       0x20 ../cdecv_monitor_bsp/\libhal_bsp.a(altera_avalon_uart_read.o)
 .debug_ranges  0x0000000000000058       0x10 d:/altera_lite/15.1/nios2eds/bin/gnu/h-x86_64-mingw32/bin/../lib/gcc/nios2-elf/4.9.2/../../../../../H-x86_64-mingw32/nios2-elf/lib/mno-hw-mul\libsmallc.a(lib_a-strlen.o)
