MIF/HEX Update report for top
Sat Aug 20 08:17:06 2016
Quartus Prime Version 15.1.0 Build 185 10/21/2015 SJ Lite Edition


---------------------
; Table of Contents ;
---------------------
  1. Legal Notice
  2. MIF/HEX Update Summary
  3. MIF/HEX Update Processed Files
  4. MIF/HEX Update Messages



----------------
; Legal Notice ;
----------------
Copyright (C) 1991-2015 Altera Corporation. All rights reserved.
Your use of Altera Corporation's design tools, logic functions 
and other software and tools, and its AMPP partner logic 
functions, and any output files from any of the foregoing 
(including device programming or simulation files), and any 
associated documentation or information are expressly subject 
to the terms and conditions of the Altera Program License 
Subscription Agreement, the Altera Quartus Prime License Agreement,
the Altera MegaCore Function License Agreement, or other 
applicable license agreement, including, without limitation, 
that your use is for the sole purpose of programming logic 
devices manufactured by Altera and sold by Altera or its 
authorized distributors.  Please refer to the applicable 
agreement for further details.



+---------------------------------------------------------------+
; MIF/HEX Update Summary                                        ;
+-----------------------+---------------------------------------+
; MIF/HEX Update Status ; Successful - Sat Aug 20 08:17:06 2016 ;
; Revision Name         ; top                                   ;
; Top-level Entity Name ; top                                   ;
; Family                ; Cyclone V                             ;
; Device                ; 5CEBA4F23C7                           ;
+-----------------------+---------------------------------------+


+------------------------------------------------------------------------------------------------------------------+
; MIF/HEX Update Processed Files                                                                                   ;
+------------------------------------------------------------------------------------------------------------------+
; File Name                                                                                                        ;
+------------------------------------------------------------------------------------------------------------------+
; D:/yoshiaki/devel/quartus_workspace/cdecv_with_monitor/software/cdecv_monitor/mem_init/monitor_onchip_memory.hex ;
+------------------------------------------------------------------------------------------------------------------+


+-------------------------+
; MIF/HEX Update Messages ;
+-------------------------+
Info: *******************************************************************
Info: Running Quartus Prime MIF/HEX Update
    Info: Version 15.1.0 Build 185 10/21/2015 SJ Lite Edition
    Info: Processing started: Sat Aug 20 08:16:59 2016
Info: Command: quartus_cdb cdecv_with_monitor -c top --update_mif
Warning (113015): Width of data items in "monitor_onchip_memory.hex" is greater than the memory width. Wrapping data items to subsequent addresses. Found 256 warnings, reporting 10 File: D:/yoshiaki/devel/quartus_workspace/cdecv_with_monitor/software/cdecv_monitor/mem_init/monitor_onchip_memory.hex Line: 1
    Warning (113009): Data at line (2) of memory initialization file "monitor_onchip_memory.hex" is too wide to fit in one memory word. Wrapping data to subsequent addresses. File: D:/yoshiaki/devel/quartus_workspace/cdecv_with_monitor/software/cdecv_monitor/mem_init/monitor_onchip_memory.hex Line: 2
    Warning (113009): Data at line (3) of memory initialization file "monitor_onchip_memory.hex" is too wide to fit in one memory word. Wrapping data to subsequent addresses. File: D:/yoshiaki/devel/quartus_workspace/cdecv_with_monitor/software/cdecv_monitor/mem_init/monitor_onchip_memory.hex Line: 3
    Warning (113009): Data at line (4) of memory initialization file "monitor_onchip_memory.hex" is too wide to fit in one memory word. Wrapping data to subsequent addresses. File: D:/yoshiaki/devel/quartus_workspace/cdecv_with_monitor/software/cdecv_monitor/mem_init/monitor_onchip_memory.hex Line: 4
    Warning (113009): Data at line (5) of memory initialization file "monitor_onchip_memory.hex" is too wide to fit in one memory word. Wrapping data to subsequent addresses. File: D:/yoshiaki/devel/quartus_workspace/cdecv_with_monitor/software/cdecv_monitor/mem_init/monitor_onchip_memory.hex Line: 5
    Warning (113009): Data at line (6) of memory initialization file "monitor_onchip_memory.hex" is too wide to fit in one memory word. Wrapping data to subsequent addresses. File: D:/yoshiaki/devel/quartus_workspace/cdecv_with_monitor/software/cdecv_monitor/mem_init/monitor_onchip_memory.hex Line: 6
    Warning (113009): Data at line (7) of memory initialization file "monitor_onchip_memory.hex" is too wide to fit in one memory word. Wrapping data to subsequent addresses. File: D:/yoshiaki/devel/quartus_workspace/cdecv_with_monitor/software/cdecv_monitor/mem_init/monitor_onchip_memory.hex Line: 7
    Warning (113009): Data at line (8) of memory initialization file "monitor_onchip_memory.hex" is too wide to fit in one memory word. Wrapping data to subsequent addresses. File: D:/yoshiaki/devel/quartus_workspace/cdecv_with_monitor/software/cdecv_monitor/mem_init/monitor_onchip_memory.hex Line: 8
    Warning (113009): Data at line (9) of memory initialization file "monitor_onchip_memory.hex" is too wide to fit in one memory word. Wrapping data to subsequent addresses. File: D:/yoshiaki/devel/quartus_workspace/cdecv_with_monitor/software/cdecv_monitor/mem_init/monitor_onchip_memory.hex Line: 9
    Warning (113009): Data at line (10) of memory initialization file "monitor_onchip_memory.hex" is too wide to fit in one memory word. Wrapping data to subsequent addresses. File: D:/yoshiaki/devel/quartus_workspace/cdecv_with_monitor/software/cdecv_monitor/mem_init/monitor_onchip_memory.hex Line: 10
    Warning (113009): Data at line (11) of memory initialization file "monitor_onchip_memory.hex" is too wide to fit in one memory word. Wrapping data to subsequent addresses. File: D:/yoshiaki/devel/quartus_workspace/cdecv_with_monitor/software/cdecv_monitor/mem_init/monitor_onchip_memory.hex Line: 11
Info (39024): Processed the following Memory Initialization File(s)
    Info (39025): Processed Memory Initialization File D:/yoshiaki/devel/quartus_workspace/cdecv_with_monitor/software/cdecv_monitor/mem_init/monitor_onchip_memory.hex File: D:/yoshiaki/devel/quartus_workspace/cdecv_with_monitor/software/cdecv_monitor/mem_init/monitor_onchip_memory.hex Line: 0
Info: Quartus Prime MIF/HEX Update was successful. 0 errors, 11 warnings
    Info: Peak virtual memory: 872 megabytes
    Info: Processing ended: Sat Aug 20 08:17:06 2016
    Info: Elapsed time: 00:00:07
    Info: Total CPU time (on all processors): 00:00:07


